../../Drivers/CMSIS/Include/core_cm7.h:1940:22:__NVIC_DisableIRQ	2
../../Drivers/CMSIS/Include/core_cm7.h:1993:22:__NVIC_ClearPendingIRQ	2
../Core/Src/main.c:68:5:main	53
../Core/Src/main.c:430:16:ETH_PHY_INTERFACE_Init	1
../Core/Src/main.c:431:16:ETH_PHY_INTERFACE_DeInit	1
../Core/Src/main.c:432:16:ETH_PHY_INTERFACE_GetTick	1
../Core/Src/main.c:434:16:ETH_PHY_INTERFACE_WaitIdle	3
../Core/Src/main.c:444:16:ETH_PHY_INTERFACE_ReadReg	6
../Core/Src/main.c:461:16:ETH_PHY_INTERFACE_WriteReg	4
../Core/Src/main.c:477:6:SystemClock_Config	4
../Core/Src/main.c:532:6:BSP_PB_Callback	2
../Core/Src/main.c:542:6:Error_Handler	1
