../../Drivers/CMSIS/Include/core_cm7.h:1940:22:__NVIC_DisableIRQ	16	static,ignoring_inline_asm
../../Drivers/CMSIS/Include/core_cm7.h:1993:22:__NVIC_ClearPendingIRQ	16	static
../Core/Src/main.c:68:5:main	288	static,ignoring_inline_asm
../Core/Src/main.c:430:16:ETH_PHY_INTERFACE_Init	4	static
../Core/Src/main.c:431:16:ETH_PHY_INTERFACE_DeInit	4	static
../Core/Src/main.c:432:16:ETH_PHY_INTERFACE_GetTick	8	static
../Core/Src/main.c:434:16:ETH_PHY_INTERFACE_WaitIdle	16	static
../Core/Src/main.c:444:16:ETH_PHY_INTERFACE_ReadReg	32	static
../Core/Src/main.c:461:16:ETH_PHY_INTERFACE_WriteReg	32	static
../Core/Src/main.c:477:6:SystemClock_Config	120	static
../Core/Src/main.c:532:6:BSP_PB_Callback	16	static
../Core/Src/main.c:542:6:Error_Handler	4	static,ignoring_inline_asm
