../Core/Src/main.c:155:5:main	192	static
../Core/Src/main.c:346:6:SystemClock_Config	120	static
../Core/Src/main.c:406:13:MX_ETH_Init	8	static
../Core/Src/main.c:464:13:MX_GPIO_Init	24	static
../Core/Src/main.c:487:13:ETH_Dump_MAC	8	static
../Core/Src/main.c:514:6:ETH_Dump_MTL	8	static
../Core/Src/main.c:540:13:ETH_Dump_DMA	8	static
../Core/Src/main.c:581:13:ETH_Dump_PHY	16	static
../Core/Src/main.c:609:6:ETH_DumpRegisters	8	static
../Core/Src/main.c:633:9:ETH_PHY_INTERFACE_Init	8	static
../Core/Src/main.c:640:9:ETH_PHY_INTERFACE_DeInit	4	static
../Core/Src/main.c:645:9:ETH_PHY_INTERFACE_ReadReg	24	static
../Core/Src/main.c:654:9:ETH_PHY_INTERFACE_WriteReg	24	static
../Core/Src/main.c:664:9:ETH_PHY_INTERFACE_GetTick	8	static
../Core/Src/main.c:671:6:ETH_StartLink	128	static
../Core/Src/main.c:727:6:HAL_ETH_RxAllocateCallback	24	static
../Core/Src/main.c:744:6:HAL_ETH_RxLinkCallback	32	static
../Core/Src/main.c:763:13:ETH_FreeRxPacket	24	static
../Core/Src/main.c:774:6:HAL_ETH_TxCpltCallback	16	static
../Core/Src/main.c:781:6:HAL_ETH_RxCpltCallback	16	static
../Core/Src/main.c:788:13:ETH_CompareRxPacket	40	static
../Core/Src/main.c:830:6:ETH_ConstructEthernetFrame	24	static
../Core/Src/main.c:842:6:BSP_PB_Callback	16	static,ignoring_inline_asm
../Core/Src/main.c:854:6:ETH_DumpRxPacket	32	static
../Core/Src/main.c:903:6:Error_Handler	4	static,ignoring_inline_asm
