../Core/Src/main.c:155:5:main	9
../Core/Src/main.c:346:6:SystemClock_Config	4
../Core/Src/main.c:406:13:MX_ETH_Init	2
../Core/Src/main.c:464:13:MX_GPIO_Init	1
../Core/Src/main.c:487:13:ETH_Dump_MAC	1
../Core/Src/main.c:514:6:ETH_Dump_MTL	1
../Core/Src/main.c:540:13:ETH_Dump_DMA	1
../Core/Src/main.c:581:13:ETH_Dump_PHY	3
../Core/Src/main.c:609:6:ETH_DumpRegisters	1
../Core/Src/main.c:633:9:ETH_PHY_INTERFACE_Init	1
../Core/Src/main.c:640:9:ETH_PHY_INTERFACE_DeInit	1
../Core/Src/main.c:645:9:ETH_PHY_INTERFACE_ReadReg	2
../Core/Src/main.c:654:9:ETH_PHY_INTERFACE_WriteReg	2
../Core/Src/main.c:664:9:ETH_PHY_INTERFACE_GetTick	1
../Core/Src/main.c:671:6:ETH_StartLink	8
../Core/Src/main.c:727:6:HAL_ETH_RxAllocateCallback	3
../Core/Src/main.c:744:6:HAL_ETH_RxLinkCallback	2
../Core/Src/main.c:763:13:ETH_FreeRxPacket	2
../Core/Src/main.c:774:6:HAL_ETH_TxCpltCallback	1
../Core/Src/main.c:781:6:HAL_ETH_RxCpltCallback	1
../Core/Src/main.c:788:13:ETH_CompareRxPacket	11
../Core/Src/main.c:830:6:ETH_ConstructEthernetFrame	1
../Core/Src/main.c:842:6:BSP_PB_Callback	2
../Core/Src/main.c:854:6:ETH_DumpRxPacket	7
../Core/Src/main.c:903:6:Error_Handler	1
